// Jest Snapshot v1, https://goo.gl/fbAQLP

exports[`Pruebas en <SearchScreen/> Debe de mostrar a batman y el input con el valor del query string 1`] = `
<div>
  <h1>
    Search Screen
  </h1>
  <hr />
  <div
    className="row"
  >
    <div
      className="col-5"
    >
      <h4>
        Search Form
      </h4>
      <hr />
      <form
        onSubmit={[Function]}
      >
        <input
          autoComplete="off"
          className="form-control"
          name="searchInput"
          onChange={[Function]}
          placeholder="Find your hero"
          type="text"
          value="batman"
        />
        <button
          className="btn w-100 btn-outline-primary my-3"
          type="submit"
        >
          Search..
        </button>
      </form>
    </div>
    <div
      className="col-7"
    >
      <h4>
        Results
      </h4>
      <hr />
      <a
        className="my-card"
        href="/hero/dc-batman"
        onClick={[Function]}
      >
        <img
          alt="Batman"
          className="img img-responsive"
          src="./assets/heroes/dc-batman.jpg"
        />
        <div
          className="profile-name"
        >
          Batman
        </div>
        <div
          className="profile-position"
        >
          Bruce Wayne
        </div>
        <div
          className="profile-overview"
        >
          <div
            className="profile-overview"
          >
            <div
              className="row"
            >
              <div
                className="col-ms-4"
              >
                <h3>
                  DC Comics
                </h3>
                <p>
                  Primera aparici√≥n: 
                  <br />
                  Detective Comics #27
                </p>
              </div>
            </div>
          </div>
        </div>
      </a>
    </div>
  </div>
</div>
`;

exports[`Pruebas en <SearchScreen/> Debe de mostrar un herro si no se encuentra el hero 1`] = `
<div>
  <h1>
    Search Screen
  </h1>
  <hr />
  <div
    className="row"
  >
    <div
      className="col-5"
    >
      <h4>
        Search Form
      </h4>
      <hr />
      <form
        onSubmit={[Function]}
      >
        <input
          autoComplete="off"
          className="form-control"
          name="searchInput"
          onChange={[Function]}
          placeholder="Find your hero"
          type="text"
          value="error"
        />
        <button
          className="btn w-100 btn-outline-primary my-3"
          type="submit"
        >
          Search..
        </button>
      </form>
    </div>
    <div
      className="col-7"
    >
      <h4>
        Results
      </h4>
      <hr />
      <div
        className="alert alert-info"
      >
        Hero 
        error
         was not found
      </div>
    </div>
  </div>
</div>
`;

exports[`Pruebas en <SearchScreen/> Debe de mostrarse correctamente con valores de defecto 1`] = `
<div>
  <h1>
    Search Screen
  </h1>
  <hr />
  <div
    className="row"
  >
    <div
      className="col-5"
    >
      <h4>
        Search Form
      </h4>
      <hr />
      <form
        onSubmit={[Function]}
      >
        <input
          autoComplete="off"
          className="form-control"
          name="searchInput"
          onChange={[Function]}
          placeholder="Find your hero"
          type="text"
          value=""
        />
        <button
          className="btn w-100 btn-outline-primary my-3"
          type="submit"
        >
          Search..
        </button>
      </form>
    </div>
    <div
      className="col-7"
    >
      <h4>
        Results
      </h4>
      <hr />
      <div
        className="alert alert-info"
      >
         Search a hero 
      </div>
    </div>
  </div>
</div>
`;
